327 creators, 5 already walked, 322 to go; 1807 URLs on file
  [1/322] @....carolyn: 10 posts, 9 new (total 1816)
  [2/322] @1hundredshelb: 9 posts, 9 new (total 1825)
  [3/322] @_mamaliaa_: 10 posts, 10 new (total 1835)
  [4/322] @aaronrdavis: 10 posts, 9 new (total 1844)
  [5/322] @abicastilloasf: 10 posts, 9 new (total 1853)
  [6/322] @abrooks1015: 10 posts, 9 new (total 1862)
  [7/322] @adarlingjournals: 10 posts, 10 new (total 1872)
  [8/322] @alevldez: 10 posts, 10 new (total 1882)
  [9/322] @allthingsmom8: 10 posts, 10 new (total 1892)
  [10/322] @allure_fashion: 10 posts, 10 new (total 1902)
  [11/322] @amandalinder0: 10 posts, 10 new (total 1912)
  [12/322] @amrahaircare1: 3 posts, 2 new (total 1914)
  [13/322] @ana_rodriquez7: 10 posts, 10 new (total 1924)
  [14/322] @anabelsoto93: 10 posts, 10 new (total 1934)
  [15/322] @annamay.finds: 10 posts, 10 new (total 1944)
  [16/322] @ashleighintexas: 10 posts, 10 new (total 1954)
  [17/322] @ashleyorganic: 10 posts, 10 new (total 1964)
  [18/322] @ashtontriesthings: 10 posts, 9 new (total 1973)
  [19/322] @ashyluv777: 10 posts, 10 new (total 1983)
  [20/322] @askdoctorjason: 10 posts, 10 new (total 1993)
  [21/322] @autumnclaymann: 10 posts, 10 new (total 2003)
  [22/322] @ayeeitsbrynn: 10 posts, 10 new (total 2013)
  [23/322] @barbarashopsdeals: 10 posts, 10 new (total 2023)
  [24/322] @believeandachievefitbody: 10 posts, 10 new (total 2033)
  [25/322] @benljeffery: 10 posts, 10 new (total 2043)
  [26/322] @bessss.i: 10 posts, 10 new (total 2053)
  [27/322] @bikdtie: 10 posts, 10 new (total 2063)
  [28/322] @bloom: 10 posts, 10 new (total 2073)
  [29/322] @bovihealth: 6 posts, 5 new (total 2078)
  [30/322] @bri.m.mulli_: 10 posts, 9 new (total 2087)
  [31/322] @bringingbalancedback: 10 posts, 10 new (total 2097)
  [32/322] @britney_henderson_: 10 posts, 10 new (total 2107)
  [33/322] @brooklynreviewsxoxo: 10 posts, 10 new (total 2117)
  [34/322] @brotherofmuuug: 10 posts, 10 new (total 2127)
  [35/322] @bryce_turner0: 10 posts, 10 new (total 2137)
  [36/322] @bunbunpappy: 10 posts, 10 new (total 2147)
  [37/322] @calikellydeals: 10 posts, 10 new (total 2157)
  [38/322] @candylover89: 10 posts, 10 new (total 2167)
  [39/322] @careclarkbsn: 10 posts, 10 new (total 2177)
  [40/322] @careesekwok: 10 posts, 10 new (total 2187)
  [41/322] @catieshumakerr: 10 posts, 10 new (total 2197)
  [42/322] @cerebralstatic1: 10 posts, 10 new (total 2207)
  [43/322] @charlottes_life47: 10 posts, 10 new (total 2217)
  [44/322] @chelsleebmoney: 10 posts, 10 new (total 2227)
  [45/322] @chenwei674: 10 posts, 10 new (total 2237)
  [46/322] @chloe.teigan: 10 posts, 9 new (total 2246)
  [47/322] @chrissybriel: 10 posts, 10 new (total 2256)
  [48/322] @christinakirkman: 10 posts, 10 new (total 2266)
  [49/322] @chrystina.jun: 10 posts, 10 new (total 2276)
  [50/322] @ciarathemodel: 10 posts, 10 new (total 2286)
  [51/322] @classycorporatechic: 10 posts, 10 new (total 2296)
  [52/322] @click.flicks.ugc: 10 posts, 10 new (total 2306)
  [53/322] @cmgar2992: 10 posts, 10 new (total 2316)
  [54/322] @coastalolive: 10 posts, 10 new (total 2326)
  [55/322] @connor_lee21: 10 posts, 10 new (total 2336)
  [56/322] @consulthealthbeaute: 10 posts, 10 new (total 2346)
  [57/322] @corinneboofinds: 10 posts, 10 new (total 2356)
  [58/322] @cowabungacolustrum: 4 posts, 3 new (total 2359)
  [59/322] @craftglow.mami: 10 posts, 10 new (total 2369)
  [60/322] @creakzshop: 10 posts, 10 new (total 2379)
  [61/322] @daddiedelioncourt: 10 posts, 10 new (total 2389)
  [62/322] @dailylifewithkatelyn: 10 posts, 10 new (total 2399)
  [63/322] @daniella_britt: 10 posts, 10 new (total 2409)
  [64/322] @daniellecavv: 10 posts, 10 new (total 2419)
  [65/322] @daniellemoreno4: 10 posts, 10 new (total 2429)
  [66/322] @dawndeeeeee: 10 posts, 10 new (total 2439)
  [67/322] @dealsswithaustin: 10 posts, 10 new (total 2449)
  [68/322] @detoxheather: 10 posts, 10 new (total 2459)
  [69/322] @devthepa: 10 posts, 10 new (total 2469)
  [70/322] @dgarcia4522: 10 posts, 10 new (total 2479)
  [71/322] @dietitianhannah: 10 posts, 10 new (total 2489)
  [72/322] @dinadolll: 10 posts, 10 new (total 2499)
  [73/322] @discountshow: 10 posts, 10 new (total 2509)
  [74/322] @domdavy: 10 posts, 10 new (total 2519)
  [75/322] @drianhealthhacks: 10 posts, 10 new (total 2529)
  [76/322] @drjencaudle: 10 posts, 10 new (total 2539)
  [77/322] @drmercola: 10 posts, 10 new (total 2549)
  [78/322] @drnikkakanani: 10 posts, 10 new (total 2559)
  [79/322] @drrhondamj: 10 posts, 10 new (total 2569)
  [80/322] @drsaratrefnoff: 10 posts, 10 new (total 2579)
  [81/322] @drsermedmezher: 10 posts, 9 new (total 2588)
  [82/322] @drshivalalezar: 10 posts, 10 new (total 2598)
  [83/322] @dsbnutrition: 10 posts, 9 new (total 2607)
  [84/322] @dzaslavsky: 10 posts, 10 new (total 2617)
  [85/322] @elducho.thrift: 10 posts, 10 new (total 2627)
  [86/322] @elle_larsenn: 10 posts, 10 new (total 2637)
  [87/322] @emilyfashion4: 10 posts, 10 new (total 2647)
  [88/322] @endsickness111: 10 posts, 10 new (total 2657)
  [89/322] @endsickness222: 10 posts, 10 new (total 2667)
  [90/322] @enjoywondercow: 9 posts, 9 new (total 2676)
  [91/322] @enzohealth: 10 posts, 10 new (total 2686)
  [92/322] @eternity.mejia: 10 posts, 10 new (total 2696)
  [93/322] @farmhausfit: 10 posts, 10 new (total 2706)
  [94/322] @filmsandfitness: 10 posts, 10 new (total 2716)
  [95/322] @finds.with.melissa: 10 posts, 10 new (total 2726)
  [96/322] @fisherfamofks: 10 posts, 7 new (total 2733)
  [97/322] @fit.blake1: 10 posts, 10 new (total 2743)
  [98/322] @flaxon.jackson: 10 posts, 10 new (total 2753)
  [99/322] @fullonkaren: 10 posts, 10 new (total 2763)
  [100/322] @garybrecka: 10 posts, 10 new (total 2773)
  [101/322] @gissiiiiiiiiii: 10 posts, 10 new (total 2783)
  [102/322] @glowupdaily6: 10 posts, 7 new (total 2790)
  [103/322] @goldivyhealthco: 10 posts, 10 new (total 2800)
  [104/322] @grazlyco: 10 posts, 10 new (total 2810)
  [105/322] @grumpy_siren: 10 posts, 10 new (total 2820)
  [106/322] @gsantarpio: 10 posts, 10 new (total 2830)
  [107/322] @guisos.sabrosos: 10 posts, 10 new (total 2840)
  [108/322] @guthypemd: 10 posts, 10 new (total 2850)
  [109/322] @haileegooding: 10 posts, 10 new (total 2860)
  [110/322] @halfshell32: 10 posts, 10 new (total 2870)
  [111/322] @hanahdewybae: 10 posts, 10 new (total 2880)
  [112/322] @healthbylandee: 10 posts, 10 new (total 2890)
  [113/322] @healthjourneyteam: 10 posts, 10 new (total 2900)
  [114/322] @healthtips.fy: 9 posts, 9 new (total 2909)
  [115/322] @healthutopian: 10 posts, 9 new (total 2918)
  [116/322] @healthwellnessintel: 10 posts, 8 new (total 2926)
  [117/322] @healthyguttribe: 10 posts, 8 new (total 2934)
  [118/322] @heartandsoil: 10 posts, 10 new (total 2944)
  [119/322] @helebell511: 10 posts, 10 new (total 2954)
  [120/322] @hellomrshockett: 10 posts, 10 new (total 2964)
  [121/322] @herbfairytiera: 10 posts, 9 new (total 2973)
  [122/322] @hettiespaghetti: 10 posts, 10 new (total 2983)
  [123/322] @hilliarydillarydock: 10 posts, 10 new (total 2993)
  [124/322] @hollyrenaee: 10 posts, 10 new (total 3003)
  [125/322] @honeysuckle124: 10 posts, 10 new (total 3013)
  [126/322] @how_to_dad: 10 posts, 10 new (total 3023)
  [127/322] @hypehaulttshop: 10 posts, 10 new (total 3033)
  [128/322] @iamkeyonajamila: 10 posts, 10 new (total 3043)
  [129/322] @icedbeverly4l: 10 posts, 10 new (total 3053)
  [130/322] @imkierralin: 10 posts, 10 new (total 3063)
  [131/322] @in.good.hands.collective: 10 posts, 10 new (total 3073)
  [132/322] @isisdiamondz: 10 posts, 10 new (total 3083)
  [133/322] @itsannanorton: 10 posts, 10 new (total 3093)
  [134/322] @itsdrmax: 10 posts, 9 new (total 3102)
  [135/322] @itshannonk: 10 posts, 10 new (total 3112)
  [136/322] @itsthatladyk: 10 posts, 10 new (total 3122)
  [137/322] @itsthejoandso: 10 posts, 10 new (total 3132)
  [138/322] @jaclynreneewellness: 10 posts, 10 new (total 3142)
  [139/322] @jacquegarzaa: 10 posts, 10 new (total 3152)
  [140/322] @jared.palmer: 10 posts, 10 new (total 3162)
  [141/322] @jazzy4li3e: 9 posts, 9 new (total 3171)
  [142/322] @jdy_kolahhh: 10 posts, 10 new (total 3181)
  [143/322] @jenlaurenn: 10 posts, 10 new (total 3191)
  [144/322] @jennymurcia9: 10 posts, 10 new (total 3201)
  [145/322] @jessicadeals: 10 posts, 10 new (total 3211)
  [146/322] @jessikabaileyg: 10 posts, 10 new (total 3221)
  [147/322] @jna1229: 10 posts, 10 new (total 3231)
  [148/322] @jocelvnnavrro: 10 posts, 10 new (total 3241)
  [149/322] @joebronston: 10 posts, 10 new (total 3251)
  [150/322] @johannahinspires: 10 posts, 10 new (total 3261)
  [151/322] @jolynn1991: 10 posts, 10 new (total 3271)
  [152/322] @julieebaby6: 10 posts, 10 new (total 3281)
  [153/322] @julienneirons: 10 posts, 10 new (total 3291)
  [154/322] @julissaf888: 10 posts, 10 new (total 3301)
  [155/322] @kailia_lopez: 10 posts, 10 new (total 3311)
  [156/322] @kaliq.boutiq.reviews: 10 posts, 10 new (total 3321)
  [157/322] @karlabstyle: 10 posts, 10 new (total 3331)
  [158/322] @katinraleighh: 10 posts, 9 new (total 3340)
  [159/322] @katzammuto: 10 posts, 10 new (total 3350)
  [160/322] @kayliebrooke2: 10 posts, 10 new (total 3360)
  [161/322] @kayshopfindss: 10 posts, 10 new (total 3370)
  [162/322] @keystonecompounding: 10 posts, 10 new (total 3380)
  [163/322] @kiikiimarie: 10 posts, 10 new (total 3390)
  [164/322] @kkaitlind: 10 posts, 10 new (total 3400)
  [165/322] @kodyhatt: 10 posts, 10 new (total 3410)
  [166/322] @laneygrn: 9 posts, 9 new (total 3419)
  [167/322] @larslavishlife: 10 posts, 10 new (total 3429)
  [168/322] @lau.renv: 10 posts, 9 new (total 3438)
  [169/322] @laurie.ferrari: 10 posts, 10 new (total 3448)
  [170/322] @leeleesfavfinds: 10 posts, 10 new (total 3458)
  [171/322] @legendairymilk: 10 posts, 10 new (total 3468)
  [172/322] @let.me.try.it.mom: 10 posts, 10 new (total 3478)
  [173/322] @lexi_smock1: 10 posts, 10 new (total 3488)
  [174/322] @lfamfinds2: 10 posts, 10 new (total 3498)
  [175/322] @lianakathrein: 10 posts, 10 new (total 3508)
  [176/322] @life_with_tavi: 10 posts, 10 new (total 3518)
