59 keyword(s); 0 URL(s) already on file
[1/59] 'bovine colostrum': 36 found, 36 new (total 36)
[2/59] 'colostrum supplement': 0 found, 0 new (total 36)
[3/59] 'colostrum review': 36 found, 28 new (total 64)
[4/59] 'colostrum before and after': 35 found, 30 new (total 94)
[5/59] 'colostrum benefits': 0 found, 0 new (total 94)
[6/59] 'colostrum gut health': 36 found, 29 new (total 123)
[7/59] 'colostrum bloating': 0 found, 0 new (total 123)
[8/59] 'colostrum results': 0 found, 0 new (total 123)
[9/59] 'colostrum powder': 0 found, 0 new (total 123)
[10/59] 'colostrum skin': 0 found, 0 new (total 123)
[11/59] 'colostrum hair growth': 0 found, 0 new (total 123)
[12/59] 'colostrum immune system': 0 found, 0 new (total 123)
[13/59] 'colostrum leaky gut': 36 found, 29 new (total 152)
[14/59] 'best colostrum supplement': 26 found, 15 new (total 167)
[15/59] 'colostrum daily routine': 0 found, 0 new (total 167)
[16/59] 'colostrum 30 days': 0 found, 0 new (total 167)
[17/59] 'colostrum weight loss': 0 found, 0 new (total 167)
[18/59] 'colostrum tiktok shop': 0 found, 0 new (total 167)
[19/59] 'colostrum honest review': 36 found, 10 new (total 177)
[20/59] 'colostrum worth it': 0 found, 0 new (total 177)
[21/59] 'colostrum': 33 found, 20 new (total 197)
[22/59] 'armra colostrum': 36 found, 30 new (total 227)
[23/59] 'armra review': 0 found, 0 new (total 227)
[24/59] 'armra before and after': 36 found, 35 new (total 262)
[25/59] 'miracle moo colostrum': 26 found, 25 new (total 287)
[26/59] 'miracle moo review': 36 found, 27 new (total 314)
[27/59] 'micro moo colostrum': 0 found, 0 new (total 314)
[28/59] 'bloom colostrum': 36 found, 34 new (total 348)
[29/59] 'cymbiotika colostrum': 33 found, 31 new (total 379)
[30/59] 'lemme colostrum': 0 found, 0 new (total 379)
[31/59] 'nutricost colostrum': 0 found, 0 new (total 379)
[32/59] 'micro ingredients colostrum': 33 found, 27 new (total 406)
[33/59] 'physicians choice colostrum': 41 found, 36 new (total 442)
