5 keyword(s); 3458 URL(s) already on file
[1/43] 'calostro bovino opiniones' (d0): 46 found, 14 new, +38 related (total 3472)
[2/77] 'calostro bovino en costco' (d0): 43 found, 20 new, +34 related (total 3592)
[3/89] 'armra colostrum' (d0): 46 found, 10 new, +12 related (total 3602)
[4/90] 'colostrum before and after' (d0): 45 found, 4 new, +1 related (total 3705)
[5/97] 'bovine colostrum' (d0): 45 found, 2 new, +7 related (total 3707)
[6/136] 'calostro-bovino-vitalitat' (d1): 45 found, 24 new, +39 related (total 3828)
[7/165] 'calostro-bovino-en-farmatodo' (d1): 46 found, 30 new, +29 related (total 3858)
[9/200] 'colostro-bovino-' (d1): 45 found, 28 new, +35 related (total 3886)
[10/222] 'que-marca-de-calostro-bovino-recomiendan' (d1): 46 found, 19 new, +22 related (total 4004)
[11/236] 'el-calostro-bovino-afecta-la-lactancia-materna-la-lactancia' (d1): 44 found, 37 new, +14 related (total 4041)
[12/251] 'calostro-bovino-muu-entera-costco-mexico' (d1): 46 found, 27 new, +15 related (total 4167)
[13/267] 'colostro-bovino-muuh-magic-tabela-nutricional' (d1): 46 found, 45 new, +16 related (total 4212)
[14/267] 'calostro-bovino-en-farmacias-similares-m' (d1): 0 found, 0 new, +0 related (total 4310)
[15/288] 'que-tal-sale-el-calostro-bovino-de-farmacias-similares' (d1): 45 found, 32 new, +21 related (total 4342)
[16/299] 'como-se-obtiene-el-calostro-bovino' (d1): 46 found, 36 new, +11 related (total 4463)
[17/313] 'calostro-bovino-farmacia-knop' (d1): 16 found, 2 new, +14 related (total 4465)
[18/322] 'que-diferencia-entre-kefir-y-el-calostro-bovino' (d1): 46 found, 41 new, +9 related (total 4604)
[19/326] 'calostro-bovino-ecuador-quito' (d1): 44 found, 30 new, +4 related (total 4634)
[20/335] 'colostro-bovino-para-mulher' (d1): 44 found, 34 new, +9 related (total 4767)
[21/335] 'diferencia-entre-el-calostro-bovino-y-el-k' (d1): 0 found, 0 new, +0 related (total 4866)
