59 keyword(s); 443 URL(s) already on file
[1/65] 'bovine colostrum' (d0): 46 found, 11 new, +6 related (total 454)
[2/65] 'colostrum supplement' (d0): 0 found, 0 new, +0 related (total 454)
[3/70] 'colostrum review' (d0): 46 found, 8 new, +5 related (total 462)
[4/71] 'colostrum before and after' (d0): 45 found, 7 new, +1 related (total 469)
[5/71] 'colostrum benefits' (d0): 0 found, 0 new, +0 related (total 469)
[6/120] 'colostrum gut health' (d0): 46 found, 9 new, +49 related (total 478)
[7/120] 'colostrum bloating' (d0): 0 found, 0 new, +0 related (total 478)
[8/120] 'colostrum results' (d0): 0 found, 0 new, +0 related (total 478)
[9/120] 'colostrum powder' (d0): 0 found, 0 new, +0 related (total 478)
[10/120] 'colostrum skin' (d0): 0 found, 0 new, +0 related (total 478)
[11/120] 'colostrum hair growth' (d0): 0 found, 0 new, +0 related (total 478)
[12/120] 'colostrum immune system' (d0): 0 found, 0 new, +0 related (total 478)
[13/134] 'colostrum leaky gut' (d0): 36 found, 9 new, +14 related (total 487)
[14/135] 'best colostrum supplement' (d0): 36 found, 12 new, +1 related (total 499)
[15/135] 'colostrum daily routine' (d0): 0 found, 0 new, +0 related (total 499)
[16/135] 'colostrum 30 days' (d0): 0 found, 0 new, +0 related (total 499)
[17/135] 'colostrum weight loss' (d0): 0 found, 0 new, +0 related (total 499)
[18/135] 'colostrum tiktok shop' (d0): 0 found, 0 new, +0 related (total 499)
[19/138] 'colostrum honest review' (d0): 36 found, 3 new, +3 related (total 502)
[20/138] 'colostrum worth it' (d0): 0 found, 0 new, +0 related (total 502)
[21/161] 'colostrum' (d0): 25 found, 4 new, +23 related (total 506)
[22/171] 'armra colostrum' (d0): 36 found, 8 new, +10 related (total 514)
[23/171] 'armra review' (d0): 0 found, 0 new, +0 related (total 514)
[24/171] 'armra before and after' (d0): 36 found, 4 new, +0 related (total 518)
[25/174] 'miracle moo colostrum' (d0): 36 found, 15 new, +3 related (total 533)
[26/175] 'miracle moo review' (d0): 36 found, 14 new, +1 related (total 547)
[27/175] 'micro moo colostrum' (d0): 0 found, 0 new, +0 related (total 547)
[28/179] 'bloom colostrum' (d0): 35 found, 11 new, +4 related (total 558)
[29/184] 'cymbiotika colostrum' (d0): 33 found, 9 new, +5 related (total 567)
[30/184] 'lemme colostrum' (d0): 0 found, 0 new, +0 related (total 567)
[31/184] 'nutricost colostrum' (d0): 0 found, 0 new, +0 related (total 567)
[32/211] 'micro ingredients colostrum' (d0): 35 found, 18 new, +27 related (total 585)
[33/230] 'physicians choice colostrum' (d0): 36 found, 4 new, +19 related (total 589)
[34/230] 'wellah colostrum' (d0): 0 found, 0 new, +0 related (total 589)
[35/265] 'magic milk colostrum' (d0): 35 found, 34 new, +35 related (total 623)
[36/271] 'wondercow colostrum' (d0): 36 found, 33 new, +6 related (total 656)
[37/273] 'wondercow review' (d0): 35 found, 26 new, +2 related (total 682)
[38/299] 'cowabunga colostrum' (d0): 36 found, 35 new, +26 related (total 717)
[39/338] 'cowboy colostrum' (d0): 36 found, 26 new, +39 related (total 743)
[40/342] 'rhea essentials colostrum' (d0): 34 found, 27 new, +4 related (total 770)
[41/342] 'calostro bovino' (d0): 0 found, 0 new, +0 related (total 770)
[42/344] 'calostro bovino opiniones' (d0): 36 found, 36 new, +2 related (total 806)
[43/344] 'calostro bovino beneficios' (d0): 0 found, 0 new, +0 related (total 806)
[44/344] 'calostro resultados' (d0): 0 found, 0 new, +0 related (total 806)
[45/345] 'calostro suplemento' (d0): 36 found, 22 new, +1 related (total 828)
[46/345] 'calostro bovino antes y despues' (d0): 35 found, 26 new, +0 related (total 854)
[47/345] 'calostro para el intestino' (d0): 0 found, 0 new, +0 related (total 854)
[48/348] 'calostro bovino como tomar' (d0): 26 found, 18 new, +3 related (total 872)
[49/348] 'beneficios del calostro' (d0): 0 found, 0 new, +0 related (total 872)
[50/348] 'colostrumbenefits' (d0): 0 found, 0 new, +0 related (total 872)
[51/348] 'colostrumreview' (d0): 0 found, 0 new, +0 related (total 872)
[52/348] 'bovinecolostrum' (d0): 0 found, 0 new, +0 related (total 872)
[53/348] 'colostrumsupplement' (d0): 0 found, 0 new, +0 related (total 872)
[54/348] 'calostrobovino' (d0): 0 found, 0 new, +0 related (total 872)
[55/348] 'guthealth' (d0): 0 found, 0 new, +0 related (total 872)
[56/348] 'healthygut' (d0): 0 found, 0 new, +0 related (total 872)
[57/348] 'bloating remedy' (d0): 0 found, 0 new, +0 related (total 872)
[58/348] 'gut health supplement' (d0): 0 found, 0 new, +0 related (total 872)
[59/348] 'tiktokshopfinds' (d0): 33 found, 33 new, +0 related (total 905)
[60/349] 'bovine-colostrum-costco' (d1): 36 found, 27 new, +1 related (total 932)
[61/349] 'bovine-colostrum-mauritius' (d1): 35 found, 21 new, +0 related (total 953)
[62/350] 'bovine-colostrum-chemist-warehouse' (d1): 40 found, 28 new, +1 related (total 981)
